// Jest Snapshot v1, https://goo.gl/fbAQLP

exports[`<Main /> should render the heading 1`] = `
.c0 {
  background-color: #06092b;
  width: 100%;
  height: 100%;
  padding: 3rem;
  display: -webkit-box;
  display: -webkit-flex;
  display: -ms-flexbox;
  display: flex;
  -webkit-flex-direction: column;
  -ms-flex-direction: column;
  flex-direction: column;
  -webkit-align-items: center;
  -webkit-box-align: center;
  -ms-flex-align: center;
  align-items: center;
  -webkit-box-pack: center;
  -webkit-justify-content: center;
  -ms-flex-pack: center;
  justify-content: center;
  color: #fff;
  text-align: center;
}

.c1 {
  width: 25rem;
  height: 100%;
  margin-bottom: 2rem;
}

.c2 {
  font-size: 2.5em;
}

.c3 {
  font-size: 2rem;
  font-weight: 400;
}

.c4 {
  margin-top: 3rem;
  width: 30rem;
  height: 100%;
}

<main
  class="c0"
>
  <img
    alt="Logo React Advanced"
    class="c1"
    src="../img/logo.svg"
  />
  <h1
    class="c2"
  >
    React Advanced
  </h1>
  <h2
    class="c3"
  >
    TypeScript, ReactJS and Styled Components
  </h2>
  <img
    alt="Software Engineer"
    class="c4"
    src="../img/hero-illustration.svg"
  />
</main>
`;
